{
    "requestLine": {
        "method": "post",
        "path": "/foo/bar?baz=true",
        "versionMajor": 1,
        "versionMinor": 1
    },
    "headers": [
        {
            "name": "Content-Type",
            "value": "application/json"
        },
        {
            "name": "Host",
            "value": "example.com"
        }
    ]
}
